

Working Directory = /home/vlsilab/Music/FFT/FFT/2_fft_synth
QoS Summary for fft_8_top
==========================================================================================
Metric                          generic         map             syn_opt         final          
==========================================================================================
Slack (ps):                     4,206             311               1               1
  R2R (ps):                     9,750             311               1               1
  I2R (ps):                     4,206           2,686           2,116           2,116
  R2O (ps):                  no_value        no_value        no_value        no_value
  I2O (ps):                  no_value        no_value        no_value        no_value
  CG  (ps):                  no_value        no_value        no_value        no_value
TNS (ps):                           0               0               0               0
  R2R (ps):                         0               0               0               0
  I2R (ps):                         0               0               0               0
  R2O (ps):                  no_value        no_value        no_value        no_value
  I2O (ps):                  no_value        no_value        no_value        no_value
  CG  (ps):                  no_value        no_value        no_value        no_value
Failing Paths:                      0               0               0               0
Cell Area:                    698,167         396,263         395,963         395,963
Total Cell Area:              698,167         396,263         395,963         395,963
Leaf Instances:                26,289           9,255           9,216           9,216
Total Instances:               26,289           9,255           9,216           9,216
Utilization (%):                 0.00            0.00            0.00            0.00
Tot. Net Length (um):        no_value        no_value        no_value        no_value
Avg. Net Length (um):        no_value        no_value        no_value        no_value
Route Overflow H (%):        no_value        no_value        no_value        no_value
Route Overflow V (%):        no_value        no_value        no_value        no_value
MBCI(%) (bits/gate) :            0.00            0.00            0.00            0.00
Norm Cong Hotspot Area:
  Max Cong:                  no_value        no_value        no_value        no_value
  Tot Cong:                  no_value        no_value        no_value        no_value
==========================================================================================
CPU  Runtime (h:m:s):        00:33:51        00:32:31        00:30:27        00:30:00
Real Runtime (h:m:s):        00:33:37        00:31:08        00:30:28        00:30:01
CPU  Elapsed (h:m:s):        00:33:57        00:36:27        00:36:54        00:36:55
Real Elapsed (h:m:s):        00:33:39        00:34:48        00:35:15        00:35:16
Memory (MB):                  2018.78         2002.70         2002.52         2010.52
==========================================================================================
==========================================================================================
Flow Settings:
==========================================================================================
Total Runtime (h:m:s): 00:35:15
Total Memory (MB):     2010.52
Executable Version:    21.14-s082_1
==========================================================================================
Total Cell Area =  Cell Area + Physical Cell Area
Total Instances =  Leaf Instances + Physical Instances


